[     163ms] [VERBOSE] [DOM] Input elements should have autocomplete attributes (suggested: "current-password"): (More info: https://goo.gl/9p2vKq) %o @ http://localhost:3000/login:0
[     222ms] [INFO] %cDownload the React DevTools for a better development experience: https://react.dev/link/react-devtools font-weight:bold @ http://localhost:3000/_next/static/chunks/node_modules_next_dist_115brz8._.js:2477
[     288ms] [LOG] [HMR] connected @ http://localhost:3000/_next/static/chunks/node_modules_next_dist_115brz8._.js:2477
[    3400ms] [WARNING] The resource http://localhost:3000/_next/static/chunks/src_app_globals_0p2ml0n.css was preloaded using link preload but not used within a few seconds from the window's load event. Please make sure it has an appropriate `as` value and it is preloaded intentionally. @ http://localhost:3000/login:0
[   36494ms] [WARNING] The resource http://localhost:3000/_next/static/chunks/src_app_globals_0p2ml0n.css was preloaded using link preload but not used within a few seconds from the window's load event. Please make sure it has an appropriate `as` value and it is preloaded intentionally. @ http://localhost:3000/login:0
[   42862ms] [WARNING] The resource http://localhost:3000/_next/static/chunks/src_app_globals_0p2ml0n.css was preloaded using link preload but not used within a few seconds from the window's load event. Please make sure it has an appropriate `as` value and it is preloaded intentionally. @ http://localhost:3000/seleccionar-proyecto?next=%2Fdashboard:0
[   51508ms] [WARNING] The resource http://localhost:3000/_next/static/chunks/src_app_globals_0p2ml0n.css was preloaded using link preload but not used within a few seconds from the window's load event. Please make sure it has an appropriate `as` value and it is preloaded intentionally. @ http://localhost:3000/seleccionar-proyecto?next=%2Fdashboard:0
[   61351ms] [WARNING] The resource http://localhost:3000/_next/static/chunks/src_app_globals_0p2ml0n.css was preloaded using link preload but not used within a few seconds from the window's load event. Please make sure it has an appropriate `as` value and it is preloaded intentionally. @ http://localhost:3000/dashboard:0
[   69283ms] [WARNING] The resource http://localhost:3000/_next/static/chunks/src_app_globals_0p2ml0n.css was preloaded using link preload but not used within a few seconds from the window's load event. Please make sure it has an appropriate `as` value and it is preloaded intentionally. @ http://localhost:3000/dashboard:0
[   96378ms] [INFO] %cDownload the React DevTools for a better development experience: https://react.dev/link/react-devtools font-weight:bold @ http://localhost:3000/_next/static/chunks/node_modules_next_dist_115brz8._.js:2477
[   96392ms] [LOG] [HMR] connected @ http://localhost:3000/_next/static/chunks/node_modules_next_dist_115brz8._.js:2477
[  108132ms] [WARNING] The resource http://localhost:3000/_next/static/chunks/src_app_globals_0p2ml0n.css was preloaded using link preload but not used within a few seconds from the window's load event. Please make sure it has an appropriate `as` value and it is preloaded intentionally. @ http://localhost:3000/liberacion/releases:0
[  120245ms] [WARNING] The resource http://localhost:3000/_next/static/chunks/src_app_globals_0p2ml0n.css was preloaded using link preload but not used within a few seconds from the window's load event. Please make sure it has an appropriate `as` value and it is preloaded intentionally. @ http://localhost:3000/liberacion/releases:0
[  136742ms] [WARNING] The resource http://localhost:3000/_next/static/chunks/src_app_globals_0p2ml0n.css was preloaded using link preload but not used within a few seconds from the window's load event. Please make sure it has an appropriate `as` value and it is preloaded intentionally. @ http://localhost:3000/liberacion/releases?ok=Liberacion%20ejecutada%20y%20registrada%20en%20log.:0
[  145701ms] [WARNING] The resource http://localhost:3000/_next/static/chunks/src_app_globals_0p2ml0n.css was preloaded using link preload but not used within a few seconds from the window's load event. Please make sure it has an appropriate `as` value and it is preloaded intentionally. @ http://localhost:3000/liberacion/releases?ok=Liberacion%20ejecutada%20y%20registrada%20en%20log.:0
[  182200ms] [VERBOSE] [DOM] Input elements should have autocomplete attributes (suggested: "current-password"): (More info: https://goo.gl/9p2vKq) %o @ http://localhost:3000/login:0
[  185188ms] [WARNING] The resource http://localhost:3000/_next/static/chunks/src_app_globals_0p2ml0n.css was preloaded using link preload but not used within a few seconds from the window's load event. Please make sure it has an appropriate `as` value and it is preloaded intentionally. @ http://localhost:3000/login:0
[  213373ms] [WARNING] The resource http://localhost:3000/_next/static/chunks/src_app_globals_0p2ml0n.css was preloaded using link preload but not used within a few seconds from the window's load event. Please make sure it has an appropriate `as` value and it is preloaded intentionally. @ http://localhost:3000/login:0
[  219802ms] [WARNING] The resource http://localhost:3000/_next/static/chunks/src_app_globals_0p2ml0n.css was preloaded using link preload but not used within a few seconds from the window's load event. Please make sure it has an appropriate `as` value and it is preloaded intentionally. @ http://localhost:3000/seleccionar-proyecto?next=%2Fdashboard:0
[  229196ms] [WARNING] The resource http://localhost:3000/_next/static/chunks/src_app_globals_0p2ml0n.css was preloaded using link preload but not used within a few seconds from the window's load event. Please make sure it has an appropriate `as` value and it is preloaded intentionally. @ http://localhost:3000/seleccionar-proyecto?next=%2Fdashboard:0
[  237787ms] [WARNING] The resource http://localhost:3000/_next/static/chunks/src_app_globals_0p2ml0n.css was preloaded using link preload but not used within a few seconds from the window's load event. Please make sure it has an appropriate `as` value and it is preloaded intentionally. @ http://localhost:3000/seleccionar-proyecto?next=%2Fdashboard:0
[  247893ms] [WARNING] The resource http://localhost:3000/_next/static/chunks/src_app_globals_0p2ml0n.css was preloaded using link preload but not used within a few seconds from the window's load event. Please make sure it has an appropriate `as` value and it is preloaded intentionally. @ http://localhost:3000/dashboard:0
[  256074ms] [WARNING] The resource http://localhost:3000/_next/static/chunks/src_app_globals_0p2ml0n.css was preloaded using link preload but not used within a few seconds from the window's load event. Please make sure it has an appropriate `as` value and it is preloaded intentionally. @ http://localhost:3000/dashboard:0
[  267975ms] [INFO] %cDownload the React DevTools for a better development experience: https://react.dev/link/react-devtools font-weight:bold @ http://localhost:3000/_next/static/chunks/node_modules_next_dist_115brz8._.js:2477
[  267997ms] [LOG] [HMR] connected @ http://localhost:3000/_next/static/chunks/node_modules_next_dist_115brz8._.js:2477
[  279346ms] [WARNING] The resource http://localhost:3000/_next/static/chunks/src_app_globals_0p2ml0n.css was preloaded using link preload but not used within a few seconds from the window's load event. Please make sure it has an appropriate `as` value and it is preloaded intentionally. @ http://localhost:3000/cambios/solicitudes:0
[  285286ms] [WARNING] The resource http://localhost:3000/_next/static/chunks/src_app_globals_0p2ml0n.css was preloaded using link preload but not used within a few seconds from the window's load event. Please make sure it has an appropriate `as` value and it is preloaded intentionally. @ http://localhost:3000/cambios/solicitudes:0
[  299763ms] [WARNING] The resource http://localhost:3000/_next/static/chunks/src_app_globals_0p2ml0n.css was preloaded using link preload but not used within a few seconds from the window's load event. Please make sure it has an appropriate `as` value and it is preloaded intentionally. @ http://localhost:3000/cambios/solicitudes?ok=Solicitud%20archivada%20y%20cerrada.:0
[  307762ms] [WARNING] The resource http://localhost:3000/_next/static/chunks/src_app_globals_0p2ml0n.css was preloaded using link preload but not used within a few seconds from the window's load event. Please make sure it has an appropriate `as` value and it is preloaded intentionally. @ http://localhost:3000/cambios/solicitudes?ok=Solicitud%20archivada%20y%20cerrada.:0
[  317102ms] [VERBOSE] [DOM] Input elements should have autocomplete attributes (suggested: "current-password"): (More info: https://goo.gl/9p2vKq) %o @ http://localhost:3000/login:0
[  320092ms] [WARNING] The resource http://localhost:3000/_next/static/chunks/src_app_globals_0p2ml0n.css was preloaded using link preload but not used within a few seconds from the window's load event. Please make sure it has an appropriate `as` value and it is preloaded intentionally. @ http://localhost:3000/login:0
[  341634ms] [WARNING] The resource http://localhost:3000/_next/static/chunks/src_app_globals_0p2ml0n.css was preloaded using link preload but not used within a few seconds from the window's load event. Please make sure it has an appropriate `as` value and it is preloaded intentionally. @ http://localhost:3000/login:0
[  347977ms] [WARNING] The resource http://localhost:3000/_next/static/chunks/src_app_globals_0p2ml0n.css was preloaded using link preload but not used within a few seconds from the window's load event. Please make sure it has an appropriate `as` value and it is preloaded intentionally. @ http://localhost:3000/seleccionar-proyecto?next=%2Fdashboard:0
[  359282ms] [WARNING] The resource http://localhost:3000/_next/static/chunks/src_app_globals_0p2ml0n.css was preloaded using link preload but not used within a few seconds from the window's load event. Please make sure it has an appropriate `as` value and it is preloaded intentionally. @ http://localhost:3000/seleccionar-proyecto?next=%2Fdashboard:0
[  369679ms] [WARNING] The resource http://localhost:3000/_next/static/chunks/src_app_globals_0p2ml0n.css was preloaded using link preload but not used within a few seconds from the window's load event. Please make sure it has an appropriate `as` value and it is preloaded intentionally. @ http://localhost:3000/dashboard:0
[  378585ms] [WARNING] The resource http://localhost:3000/_next/static/chunks/src_app_globals_0p2ml0n.css was preloaded using link preload but not used within a few seconds from the window's load event. Please make sure it has an appropriate `as` value and it is preloaded intentionally. @ http://localhost:3000/dashboard:0
[  388079ms] [INFO] %cDownload the React DevTools for a better development experience: https://react.dev/link/react-devtools font-weight:bold @ http://localhost:3000/_next/static/chunks/node_modules_next_dist_115brz8._.js:2477
[  388094ms] [LOG] [HMR] connected @ http://localhost:3000/_next/static/chunks/node_modules_next_dist_115brz8._.js:2477
[  399777ms] [WARNING] The resource http://localhost:3000/_next/static/chunks/src_app_globals_0p2ml0n.css was preloaded using link preload but not used within a few seconds from the window's load event. Please make sure it has an appropriate `as` value and it is preloaded intentionally. @ http://localhost:3000/configuracion/lineas-base:0
[  440382ms] [WARNING] The resource http://localhost:3000/_next/static/chunks/src_app_globals_0p2ml0n.css was preloaded using link preload but not used within a few seconds from the window's load event. Please make sure it has an appropriate `as` value and it is preloaded intentionally. @ http://localhost:3000/configuracion/lineas-base:0
[  461630ms] [WARNING] The resource http://localhost:3000/_next/static/chunks/src_app_globals_0p2ml0n.css was preloaded using link preload but not used within a few seconds from the window's load event. Please make sure it has an appropriate `as` value and it is preloaded intentionally. @ http://localhost:3000/configuracion/lineas-base?ok=Linea%20base%20creada%20y%20congelada.:0
[  469556ms] [WARNING] The resource http://localhost:3000/_next/static/chunks/src_app_globals_0p2ml0n.css was preloaded using link preload but not used within a few seconds from the window's load event. Please make sure it has an appropriate `as` value and it is preloaded intentionally. @ http://localhost:3000/configuracion/lineas-base?ok=Linea%20base%20creada%20y%20congelada.:0
[  492209ms] [VERBOSE] [DOM] Input elements should have autocomplete attributes (suggested: "current-password"): (More info: https://goo.gl/9p2vKq) %o @ http://localhost:3000/login:0
[  495227ms] [WARNING] The resource http://localhost:3000/_next/static/chunks/src_app_globals_0p2ml0n.css was preloaded using link preload but not used within a few seconds from the window's load event. Please make sure it has an appropriate `as` value and it is preloaded intentionally. @ http://localhost:3000/login:0
[  522725ms] [WARNING] The resource http://localhost:3000/_next/static/chunks/src_app_globals_0p2ml0n.css was preloaded using link preload but not used within a few seconds from the window's load event. Please make sure it has an appropriate `as` value and it is preloaded intentionally. @ http://localhost:3000/login:0
[  528877ms] [WARNING] The resource http://localhost:3000/_next/static/chunks/src_app_globals_0p2ml0n.css was preloaded using link preload but not used within a few seconds from the window's load event. Please make sure it has an appropriate `as` value and it is preloaded intentionally. @ http://localhost:3000/seleccionar-proyecto?next=%2Fdashboard:0
[  537594ms] [WARNING] The resource http://localhost:3000/_next/static/chunks/src_app_globals_0p2ml0n.css was preloaded using link preload but not used within a few seconds from the window's load event. Please make sure it has an appropriate `as` value and it is preloaded intentionally. @ http://localhost:3000/seleccionar-proyecto?next=%2Fdashboard:0
[  542589ms] [WARNING] The resource http://localhost:3000/_next/static/chunks/src_app_globals_0p2ml0n.css was preloaded using link preload but not used within a few seconds from the window's load event. Please make sure it has an appropriate `as` value and it is preloaded intentionally. @ http://localhost:3000/seleccionar-proyecto?next=%2Fdashboard:0
[  552879ms] [WARNING] The resource http://localhost:3000/_next/static/chunks/src_app_globals_0p2ml0n.css was preloaded using link preload but not used within a few seconds from the window's load event. Please make sure it has an appropriate `as` value and it is preloaded intentionally. @ http://localhost:3000/dashboard:0
[  561133ms] [WARNING] The resource http://localhost:3000/_next/static/chunks/src_app_globals_0p2ml0n.css was preloaded using link preload but not used within a few seconds from the window's load event. Please make sure it has an appropriate `as` value and it is preloaded intentionally. @ http://localhost:3000/dashboard:0
[  569048ms] [INFO] %cDownload the React DevTools for a better development experience: https://react.dev/link/react-devtools font-weight:bold @ http://localhost:3000/_next/static/chunks/node_modules_next_dist_115brz8._.js:2477
[  569061ms] [LOG] [HMR] connected @ http://localhost:3000/_next/static/chunks/node_modules_next_dist_115brz8._.js:2477
[  580462ms] [WARNING] The resource http://localhost:3000/_next/static/chunks/src_app_globals_0p2ml0n.css was preloaded using link preload but not used within a few seconds from the window's load event. Please make sure it has an appropriate `as` value and it is preloaded intentionally. @ http://localhost:3000/cambios/aprobacion-tecnica:0
[  763028ms] [LOG] [Fast Refresh] rebuilding @ http://localhost:3000/_next/static/chunks/node_modules_next_dist_115brz8._.js:2477
[  763048ms] [LOG] [Fast Refresh] done in 120ms @ http://localhost:3000/_next/static/chunks/node_modules_next_dist_115brz8._.js:2477
